apiVersion: apps/v1
kind: Deployment
metadata:
  labels:
    app.kubernetes.io/instance: prometheus-json-exporter
    app.kubernetes.io/managed-by: Helm
    app.kubernetes.io/name: prometheus-json-exporter
    app.kubernetes.io/version: v0.5.0
    helm.sh/chart: prometheus-json-exporter-0.7.1
  name: prometheus-json-exporter
spec:
  replicas: 1
  selector:
    matchLabels:
      app.kubernetes.io/instance: prometheus-json-exporter
      app.kubernetes.io/name: prometheus-json-exporter
  template:
    metadata:
      annotations:
        checksum/config: 6abc6019b0f542f968ca541adcc12267a24de3a9414bfb739ae58711bf85169a
      labels:
        app.kubernetes.io/instance: prometheus-json-exporter
        app.kubernetes.io/name: prometheus-json-exporter
    spec:
      containers:
        - image: quay.io/prometheuscommunity/json-exporter:v0.5.0
          imagePullPolicy: IfNotPresent
          livenessProbe:
            httpGet:
              path: /metrics
              port: http
          name: prometheus-json-exporter
          ports:
            - containerPort: 7979
              name: http
              protocol: TCP
          readinessProbe:
            httpGet:
              path: /metrics
              port: http
          resources: {}
          securityContext: {}
          volumeMounts:
            - mountPath: /config.yml
              name: config-configmap-volume
              subPath: config.yml
      securityContext: {}
      serviceAccountName: prometheus-json-exporter
      volumes:
        - configMap:
            items:
              - key: config.yml
                path: config.yml
            name: prometheus-json-exporter-configmap
          name: config-configmap-volume
