apiVersion: monitoring.coreos.com/v1
kind: PrometheusRule
metadata:
  labels:
    app.kubernetes.io/instance: prometheus-json-exporter
    app.kubernetes.io/managed-by: Helm
    app.kubernetes.io/name: prometheus-json-exporter
    app.kubernetes.io/version: v0.5.0
    helm.sh/chart: prometheus-json-exporter-0.7.1
    monitoring.syn.tools/enabled: 'true'
  name: prometheus-json-exporter
spec: null
