apiVersion: v1
kind: Service
metadata:
  labels:
    app.kubernetes.io/instance: prometheus-json-exporter
    app.kubernetes.io/managed-by: Helm
    app.kubernetes.io/name: prometheus-json-exporter
    app.kubernetes.io/version: v0.5.0
    helm.sh/chart: prometheus-json-exporter-0.7.1
  name: prometheus-json-exporter
spec:
  ports:
    - name: http
      port: 7979
      protocol: TCP
      targetPort: http
  selector:
    app.kubernetes.io/instance: prometheus-json-exporter
    app.kubernetes.io/name: prometheus-json-exporter
  type: ClusterIP
